--------------------------------------------------------------------------------
      name:  ckn01_impe01_PewJune2020
       log:  /Users/mmking/Documents/SocResearch/COVID_Knowledge_News/stata/ckn0
> 1_impe01_PewJune2020.log
  log type:  text
 opened on:   6 Mar 2023, 15:48:33

. ***-----------------------------***
. 
. //      project:        Knowledge of COVID & News Sources
. //  task:       Import "Pathways June 2020 (ATP W68).sav" and save to Derived 
> folder
. /*  data:    */ di "`dataset'"
01_PewJune2020

. 
. //  github:     covid_knowledge_news
. //  OSF:                https://osf.io/qf624/
. 
. //  author:     Molly King
. 
. display "$S_DATE  $S_TIME"
 6 Mar 2023  15:48:33

. 
. ***--------------------------***
. // # PROGRAM SETUP
. ***-----------------------------***
. 
. version 16 // keeps program consistent for future replications

. set linesize 80

. clear all

. set more off

. 
. ***-----------------------------***
. // # IMPORT
. ***-----------------------------***
. 
. cd $source/
/Users/mmking/Documents/SocResearch/COVID_Knowledge_News/data/data_sorc

. import spss using "ATP W68.sav", case(lower)
(146 vars, 9,654 obs)

. *import spss using "Pathways June 2020 (ATP W68).sav", case(lower)
. 
. ***--------------------------***
. // # WEIGHTING
. ***-----------------------------***
. 
. // Pew uses probability sampling: http://www.pewresearch.org/methodology/u-s-s
> urvey-research/sampling/
. svyset _n [pweight=weight_w68]

      pweight: weight_w68
          VCE: linearized
  Single unit: missing
     Strata 1: <one>
         SU 1: <observations>
        FPC 1: <zero>

. 
. ***--------------------------***
. // # SAVE DATA
. ***-----------------------------***
. 
. label data "`dataset' data with weights: Pathways June 2020 (ATP W68)"

. notes: ckn`category'`dataset'.dta \ Pew Pathways June 2020 (ATP W68) with prob
> ability weights\ ckn`category'`dataset'.do mmk $S_DATE

. compress
  (0 bytes saved)

. datasignature set
  9654:146(45074):639349970:2829242790       (data signature set)

. 
. save $deriv/ckn`category'`dataset'.dta, replace
(note: file /Users/mmking/Documents/SocResearch/COVID_Knowledge_News/data/data_d
> erv/ckn01_impe01_PewJune2020.dta not found)
file ~/Documents/SocResearch/COVID_Knowledge_News/data/data_derv/ckn01_impe01_Pe
> wJune2020.dta saved

. 
. ***--------------------------***
. 
. log close ckn`category'`dataset'
      name:  ckn01_impe01_PewJune2020
       log:  /Users/mmking/Documents/SocResearch/COVID_Knowledge_News/stata/ckn0
> 1_impe01_PewJune2020.log
  log type:  text
 closed on:   6 Mar 2023, 15:48:34
--------------------------------------------------------------------------------
